INFO:     Started server process [77475]
INFO:     Waiting for application startup.
2026-02-13 15:09:21,336 INFO sqlalchemy.engine.Engine select pg_catalog.version()
2026-02-13 15:09:21,336 INFO sqlalchemy.engine.Engine [raw sql] ()
2026-02-13 15:09:21,342 INFO sqlalchemy.engine.Engine select current_schema()
2026-02-13 15:09:21,342 INFO sqlalchemy.engine.Engine [raw sql] ()
2026-02-13 15:09:21,346 INFO sqlalchemy.engine.Engine show standard_conforming_strings
2026-02-13 15:09:21,346 INFO sqlalchemy.engine.Engine [raw sql] ()
2026-02-13 15:09:21,349 INFO sqlalchemy.engine.Engine BEGIN (implicit)
2026-02-13 15:09:21,353 INFO sqlalchemy.engine.Engine SELECT pg_catalog.pg_class.relname 
FROM pg_catalog.pg_class JOIN pg_catalog.pg_namespace ON pg_catalog.pg_namespace.oid = pg_catalog.pg_class.relnamespace 
WHERE pg_catalog.pg_class.relname = $1::VARCHAR AND pg_catalog.pg_class.relkind = ANY (ARRAY[$2::VARCHAR, $3::VARCHAR, $4::VARCHAR, $5::VARCHAR, $6::VARCHAR]) AND pg_catalog.pg_table_is_visible(pg_catalog.pg_class.oid) AND pg_catalog.pg_namespace.nspname != $7::VARCHAR
2026-02-13 15:09:21,353 INFO sqlalchemy.engine.Engine [generated in 0.00023s] ('user', 'r', 'p', 'f', 'v', 'm', 'pg_catalog')
2026-02-13 15:09:21,365 INFO sqlalchemy.engine.Engine COMMIT
INFO:     Application startup complete.
INFO:     Uvicorn running on http://0.0.0.0:8000 (Press CTRL+C to quit)
INFO:     127.0.0.1:57929 - "OPTIONS /api/v1/advisor/chat HTTP/1.1" 200 OK
INFO:     127.0.0.1:57929 - "POST /api/v1/advisor/chat HTTP/1.1" 403 Forbidden
INFO:     127.0.0.1:57998 - "OPTIONS /api/v1/auth/login HTTP/1.1" 200 OK
2026-02-13 15:21:58,498 INFO sqlalchemy.engine.Engine BEGIN (implicit)
2026-02-13 15:21:58,519 INFO sqlalchemy.engine.Engine SELECT "user".email, "user".full_name, "user".is_active, "user".is_superuser, "user".id, "user".hashed_password 
FROM "user" 
WHERE "user".email = $1::VARCHAR
2026-02-13 15:21:58,521 INFO sqlalchemy.engine.Engine [generated in 0.00063s] ('test@example.com',)
2026-02-13 15:21:59,745 INFO sqlalchemy.engine.Engine ROLLBACK
INFO:     127.0.0.1:57998 - "POST /api/v1/auth/login HTTP/1.1" 200 OK
2026-02-13 15:22:43,822 INFO sqlalchemy.engine.Engine BEGIN (implicit)
2026-02-13 15:22:43,826 INFO sqlalchemy.engine.Engine SELECT "user".email, "user".full_name, "user".is_active, "user".is_superuser, "user".id, "user".hashed_password 
FROM "user" 
WHERE "user".email = $1::VARCHAR
2026-02-13 15:22:43,827 INFO sqlalchemy.engine.Engine [cached since 45.31s ago] ('test@example.com',)
2026-02-13 15:22:46,388 INFO sqlalchemy.engine.Engine ROLLBACK
INFO:     127.0.0.1:58000 - "POST /api/v1/advisor/chat HTTP/1.1" 200 OK
2026-02-13 15:24:04,594 INFO sqlalchemy.engine.Engine BEGIN (implicit)
2026-02-13 15:24:04,598 INFO sqlalchemy.engine.Engine SELECT "user".email, "user".full_name, "user".is_active, "user".is_superuser, "user".id, "user".hashed_password 
FROM "user" 
WHERE "user".email = $1::VARCHAR
2026-02-13 15:24:04,598 INFO sqlalchemy.engine.Engine [cached since 126.1s ago] ('test@example.com',)
2026-02-13 15:24:05,386 INFO sqlalchemy.engine.Engine ROLLBACK
INFO:     127.0.0.1:58037 - "POST /api/v1/advisor/chat HTTP/1.1" 200 OK
